{
  "version": "1.5.0",
  "plugins_used": [
    {
      "name": "ArtifactoryDetector"
    },
    {
      "name": "AWSKeyDetector"
    },
    {
      "name": "AzureStorageKeyDetector"
    },
    {
      "name": "Base64HighEntropyString",
      "limit": 4.5
    },
    {
      "name": "BasicAuthDetector"
    },
    {
      "name": "CloudantDetector"
    },
    {
      "name": "DiscordBotTokenDetector"
    },
    {
      "name": "GitHubTokenDetector"
    },
    {
      "name": "GitLabTokenDetector"
    },
    {
      "name": "HexHighEntropyString",
      "limit": 3.0
    },
    {
      "name": "IbmCloudIamDetector"
    },
    {
      "name": "IbmCosHmacDetector"
    },
    {
      "name": "IPPublicDetector"
    },
    {
      "name": "JwtTokenDetector"
    },
    {
      "name": "KeywordDetector",
      "keyword_exclude": ""
    },
    {
      "name": "MailchimpDetector"
    },
    {
      "name": "NpmDetector"
    },
    {
      "name": "OpenAIDetector"
    },
    {
      "name": "PrivateKeyDetector"
    },
    {
      "name": "PypiTokenDetector"
    },
    {
      "name": "SendGridDetector"
    },
    {
      "name": "SlackDetector"
    },
    {
      "name": "SoftlayerDetector"
    },
    {
      "name": "SquareOAuthDetector"
    },
    {
      "name": "StripeDetector"
    },
    {
      "name": "TelegramBotTokenDetector"
    },
    {
      "name": "TwilioKeyDetector"
    }
  ],
  "filters_used": [
    {
      "path": "detect_secrets.filters.allowlist.is_line_allowlisted"
    },
    {
      "path": "detect_secrets.filters.common.is_baseline_file",
      "filename": ".secrets.baseline"
    },
    {
      "path": "detect_secrets.filters.common.is_ignored_due_to_verification_policies",
      "min_level": 2
    },
    {
      "path": "detect_secrets.filters.heuristic.is_indirect_reference"
    },
    {
      "path": "detect_secrets.filters.heuristic.is_likely_id_string"
    },
    {
      "path": "detect_secrets.filters.heuristic.is_lock_file"
    },
    {
      "path": "detect_secrets.filters.heuristic.is_not_alphanumeric_string"
    },
    {
      "path": "detect_secrets.filters.heuristic.is_potential_uuid"
    },
    {
      "path": "detect_secrets.filters.heuristic.is_prefixed_with_dollar_sign"
    },
    {
      "path": "detect_secrets.filters.heuristic.is_sequential_string"
    },
    {
      "path": "detect_secrets.filters.heuristic.is_swagger_file"
    },
    {
      "path": "detect_secrets.filters.heuristic.is_templated_secret"
    }
  ],
  "results": {
    ".env.example": [
      {
        "type": "Basic Auth Credentials",
        "filename": ".env.example",
        "hashed_secret": "5baa61e4c9b93f3f0682250b6cf8331b7ee68fd8",
        "is_verified": false,
        "line_number": 18
      },
      {
        "type": "Basic Auth Credentials",
        "filename": ".env.example",
        "hashed_secret": "ce2d995dd7c3c187111ee3641f42eccb79e3cc93",
        "is_verified": false,
        "line_number": 20
      }
    ],
    ".env.test": [
      {
        "type": "Basic Auth Credentials",
        "filename": ".env.test",
        "hashed_secret": "d5363890cedc2e05b9e8c5c09931aa2848af51c1",
        "is_verified": false,
        "line_number": 21
      }
    ],
    ".github/workflows/ci.yml": [
      {
        "type": "Secret Keyword",
        "filename": ".github/workflows/ci.yml",
        "hashed_secret": "407c6798fe20fd5d75de4a233c156cc0fce510e3",
        "is_verified": false,
        "line_number": 72
      },
      {
        "type": "Basic Auth Credentials",
        "filename": ".github/workflows/ci.yml",
        "hashed_secret": "407c6798fe20fd5d75de4a233c156cc0fce510e3",
        "is_verified": false,
        "line_number": 124
      }
    ],
    "CLAUDE.md": [
      {
        "type": "Basic Auth Credentials",
        "filename": "CLAUDE.md",
        "hashed_secret": "5baa61e4c9b93f3f0682250b6cf8331b7ee68fd8",
        "is_verified": false,
        "line_number": 283
      }
    ],
    "ENVIRONMENT-SETUP.md": [
      {
        "type": "Basic Auth Credentials",
        "filename": "ENVIRONMENT-SETUP.md",
        "hashed_secret": "9d4e1e23bd5b727046a9e3b4b7db57bd8d6ee684",
        "is_verified": false,
        "line_number": 131
      },
      {
        "type": "Private Key",
        "filename": "ENVIRONMENT-SETUP.md",
        "hashed_secret": "be4fc4886bd949b369d5e092eb87494f12e57e5b",
        "is_verified": false,
        "line_number": 134
      }
    ],
    "SECURITY.md": [
      {
        "type": "Secret Keyword",
        "filename": "SECURITY.md",
        "hashed_secret": "d5363890cedc2e05b9e8c5c09931aa2848af51c1",
        "is_verified": false,
        "line_number": 56
      },
      {
        "type": "Basic Auth Credentials",
        "filename": "SECURITY.md",
        "hashed_secret": "9d4e1e23bd5b727046a9e3b4b7db57bd8d6ee684",
        "is_verified": false,
        "line_number": 83
      }
    ],
    "alembic.ini": [
      {
        "type": "Basic Auth Credentials",
        "filename": "alembic.ini",
        "hashed_secret": "9d4e1e23bd5b727046a9e3b4b7db57bd8d6ee684",
        "is_verified": false,
        "line_number": 87
      }
    ],
    "alembic/env.py": [
      {
        "type": "Basic Auth Credentials",
        "filename": "alembic/env.py",
        "hashed_secret": "d5363890cedc2e05b9e8c5c09931aa2848af51c1",
        "is_verified": false,
        "line_number": 28
      }
    ],
    "alembic/versions/43a7a1a6bd8e_create_stolen_items_table_with_postgis.py": [
      {
        "type": "Hex High Entropy String",
        "filename": "alembic/versions/43a7a1a6bd8e_create_stolen_items_table_with_postgis.py",
        "hashed_secret": "8e2e58bd9e84c3d229d668ddaa3ae84a7d2e65fb",
        "is_verified": false,
        "line_number": 16
      },
      {
        "type": "Hex High Entropy String",
        "filename": "alembic/versions/43a7a1a6bd8e_create_stolen_items_table_with_postgis.py",
        "hashed_secret": "48502217f3616a1fd910096debe1aaa8e9cfe717",
        "is_verified": false,
        "line_number": 17
      }
    ],
    "alembic/versions/5567fa9e1fc3_initial_database_setup_with_postgis.py": [
      {
        "type": "Hex High Entropy String",
        "filename": "alembic/versions/5567fa9e1fc3_initial_database_setup_with_postgis.py",
        "hashed_secret": "48502217f3616a1fd910096debe1aaa8e9cfe717",
        "is_verified": false,
        "line_number": 15
      }
    ],
    "docker-compose.yml": [
      {
        "type": "Secret Keyword",
        "filename": "docker-compose.yml",
        "hashed_secret": "d5363890cedc2e05b9e8c5c09931aa2848af51c1",
        "is_verified": false,
        "line_number": 10
      }
    ],
    "docs/DATABASE.md": [
      {
        "type": "Secret Keyword",
        "filename": "docs/DATABASE.md",
        "hashed_secret": "a616a64c0fbc30f12287d0f24f3b90dd2e6a206e",
        "is_verified": false,
        "line_number": 533
      },
      {
        "type": "Basic Auth Credentials",
        "filename": "docs/DATABASE.md",
        "hashed_secret": "9d4e1e23bd5b727046a9e3b4b7db57bd8d6ee684",
        "is_verified": false,
        "line_number": 544
      }
    ],
    "docs/DEPLOYMENT.md": [
      {
        "type": "Basic Auth Credentials",
        "filename": "docs/DEPLOYMENT.md",
        "hashed_secret": "5baa61e4c9b93f3f0682250b6cf8331b7ee68fd8",
        "is_verified": false,
        "line_number": 44
      }
    ],
    "docs/SENTRY.md": [
      {
        "type": "Secret Keyword",
        "filename": "docs/SENTRY.md",
        "hashed_secret": "a5df4e806907e7480602e3832666ab3ea92de0ad",
        "is_verified": false,
        "line_number": 139
      },
      {
        "type": "Secret Keyword",
        "filename": "docs/SENTRY.md",
        "hashed_secret": "f2b14f68eb995facb3a1c35287b778d5bd785511",
        "is_verified": false,
        "line_number": 152
      }
    ],
    "docs/is-it-stolen-implementation-guide.md": [
      {
        "type": "Basic Auth Credentials",
        "filename": "docs/is-it-stolen-implementation-guide.md",
        "hashed_secret": "9d4e1e23bd5b727046a9e3b4b7db57bd8d6ee684",
        "is_verified": false,
        "line_number": 1447
      },
      {
        "type": "Basic Auth Credentials",
        "filename": "docs/is-it-stolen-implementation-guide.md",
        "hashed_secret": "a616a64c0fbc30f12287d0f24f3b90dd2e6a206e",
        "is_verified": false,
        "line_number": 3529
      }
    ],
    "tests/conftest.py": [
      {
        "type": "Secret Keyword",
        "filename": "tests/conftest.py",
        "hashed_secret": "eb3d6b8a9e2a4087e2690c93f6f8a98ec33777fe",
        "is_verified": false,
        "line_number": 15
      }
    ],
    "tests/integration/application/test_update_item_integration.py": [
      {
        "type": "Hex High Entropy String",
        "filename": "tests/integration/application/test_update_item_integration.py",
        "hashed_secret": "2ddd6009c92c5a3b5aa21d56e9b215314bec0783",
        "is_verified": false,
        "line_number": 239
      }
    ],
    "tests/integration/domain/test_domain_integration.py": [
      {
        "type": "Hex High Entropy String",
        "filename": "tests/integration/domain/test_domain_integration.py",
        "hashed_secret": "182926f77c7e3d6af4f9176561e0ce524e5ae5f1",
        "is_verified": false,
        "line_number": 134
      }
    ],
    "tests/unit/application/commands/test_update_item.py": [
      {
        "type": "Hex High Entropy String",
        "filename": "tests/unit/application/commands/test_update_item.py",
        "hashed_secret": "2ddd6009c92c5a3b5aa21d56e9b215314bec0783",
        "is_verified": false,
        "line_number": 78
      }
    ],
    "tests/unit/domain/entities/test_stolen_item.py": [
      {
        "type": "Hex High Entropy String",
        "filename": "tests/unit/domain/entities/test_stolen_item.py",
        "hashed_secret": "2ddd6009c92c5a3b5aa21d56e9b215314bec0783",
        "is_verified": false,
        "line_number": 62
      }
    ],
    "tests/unit/domain/value_objects/test_item_attributes.py": [
      {
        "type": "Hex High Entropy String",
        "filename": "tests/unit/domain/value_objects/test_item_attributes.py",
        "hashed_secret": "4528f163d89f55484c63a5da3d42846410d2e0cf",
        "is_verified": false,
        "line_number": 78
      }
    ],
    "tests/unit/infrastructure/logging/test_processors.py": [
      {
        "type": "Secret Keyword",
        "filename": "tests/unit/infrastructure/logging/test_processors.py",
        "hashed_secret": "f2b14f68eb995facb3a1c35287b778d5bd785511",
        "is_verified": false,
        "line_number": 99
      },
      {
        "type": "Secret Keyword",
        "filename": "tests/unit/infrastructure/logging/test_processors.py",
        "hashed_secret": "1073ab6cda4b991cd29f9e83a307f34004ae9327",
        "is_verified": false,
        "line_number": 130
      },
      {
        "type": "Secret Keyword",
        "filename": "tests/unit/infrastructure/logging/test_processors.py",
        "hashed_secret": "87ba78e0f03afcef60657f342ec5567368fadd8c",
        "is_verified": false,
        "line_number": 131
      },
      {
        "type": "Secret Keyword",
        "filename": "tests/unit/infrastructure/logging/test_processors.py",
        "hashed_secret": "3b88ea816c78ec104041a75e78f32ec804eaac39",
        "is_verified": false,
        "line_number": 132
      },
      {
        "type": "Secret Keyword",
        "filename": "tests/unit/infrastructure/logging/test_processors.py",
        "hashed_secret": "e5e9fa1ba31ecd1ae84f75caaa474f3a663f05f4",
        "is_verified": false,
        "line_number": 149
      },
      {
        "type": "Secret Keyword",
        "filename": "tests/unit/infrastructure/logging/test_processors.py",
        "hashed_secret": "00cafd126182e8a9e7c01bb2f0dfd00496be724f",
        "is_verified": false,
        "line_number": 166
      },
      {
        "type": "Secret Keyword",
        "filename": "tests/unit/infrastructure/logging/test_processors.py",
        "hashed_secret": "e48c47f1431afd3bb030deea266b4309e2228c5b",
        "is_verified": false,
        "line_number": 167
      }
    ],
    "tests/unit/infrastructure/monitoring/test_sentry.py": [
      {
        "type": "Basic Auth Credentials",
        "filename": "tests/unit/infrastructure/monitoring/test_sentry.py",
        "hashed_secret": "9d4e1e23bd5b727046a9e3b4b7db57bd8d6ee684",
        "is_verified": false,
        "line_number": 26
      },
      {
        "type": "Secret Keyword",
        "filename": "tests/unit/infrastructure/monitoring/test_sentry.py",
        "hashed_secret": "f2b14f68eb995facb3a1c35287b778d5bd785511",
        "is_verified": false,
        "line_number": 148
      },
      {
        "type": "Secret Keyword",
        "filename": "tests/unit/infrastructure/monitoring/test_sentry.py",
        "hashed_secret": "dff6d4ff5dc357cf451d1855ab9cbda562645c9f",
        "is_verified": false,
        "line_number": 180
      },
      {
        "type": "Secret Keyword",
        "filename": "tests/unit/infrastructure/monitoring/test_sentry.py",
        "hashed_secret": "dbdab9be92cacdae6a97e8601332bfaa8545800f",
        "is_verified": false,
        "line_number": 181
      },
      {
        "type": "Secret Keyword",
        "filename": "tests/unit/infrastructure/monitoring/test_sentry.py",
        "hashed_secret": "00cafd126182e8a9e7c01bb2f0dfd00496be724f",
        "is_verified": false,
        "line_number": 367
      },
      {
        "type": "Secret Keyword",
        "filename": "tests/unit/infrastructure/monitoring/test_sentry.py",
        "hashed_secret": "c636e8e238fd7af97e2e500f8c6f0f4c0bedafb0",
        "is_verified": false,
        "line_number": 368
      },
      {
        "type": "Secret Keyword",
        "filename": "tests/unit/infrastructure/monitoring/test_sentry.py",
        "hashed_secret": "418ee516f1cb095c50ff2f10a76192889c281f3a",
        "is_verified": false,
        "line_number": 542
      },
      {
        "type": "Secret Keyword",
        "filename": "tests/unit/infrastructure/monitoring/test_sentry.py",
        "hashed_secret": "3982c799d1c4f3ae3190ad4e09248585c651a946",
        "is_verified": false,
        "line_number": 543
      }
    ],
    "tests/unit/infrastructure/test_settings.py": [
      {
        "type": "Basic Auth Credentials",
        "filename": "tests/unit/infrastructure/test_settings.py",
        "hashed_secret": "a94a8fe5ccb19ba61c4c0873d391e987982fbbd3",
        "is_verified": false,
        "line_number": 30
      },
      {
        "type": "Secret Keyword",
        "filename": "tests/unit/infrastructure/test_settings.py",
        "hashed_secret": "f2b14f68eb995facb3a1c35287b778d5bd785511",
        "is_verified": false,
        "line_number": 251
      }
    ],
    "tests/unit/infrastructure/test_webhook_handler.py": [
      {
        "type": "Secret Keyword",
        "filename": "tests/unit/infrastructure/test_webhook_handler.py",
        "hashed_secret": "eb3d6b8a9e2a4087e2690c93f6f8a98ec33777fe",
        "is_verified": false,
        "line_number": 24
      }
    ],
    "tests/unit/presentation/api/test_app_logging.py": [
      {
        "type": "Basic Auth Credentials",
        "filename": "tests/unit/presentation/api/test_app_logging.py",
        "hashed_secret": "9d4e1e23bd5b727046a9e3b4b7db57bd8d6ee684",
        "is_verified": false,
        "line_number": 31
      }
    ],
    "tests/unit/presentation/test_dependencies.py": [
      {
        "type": "Basic Auth Credentials",
        "filename": "tests/unit/presentation/test_dependencies.py",
        "hashed_secret": "a94a8fe5ccb19ba61c4c0873d391e987982fbbd3",
        "is_verified": false,
        "line_number": 234
      }
    ],
    "tests/unit/presentation/test_webhook.py": [
      {
        "type": "Secret Keyword",
        "filename": "tests/unit/presentation/test_webhook.py",
        "hashed_secret": "eb3d6b8a9e2a4087e2690c93f6f8a98ec33777fe",
        "is_verified": false,
        "line_number": 177
      }
    ]
  },
  "generated_at": "2025-10-08T08:19:57Z"
}
